ΓòÉΓòÉΓòÉΓòÉΓòÉΓòÉΓòÉΓòÉΓòÉΓòÉΓòÉΓòÉΓòÉΓòÉΓòÉΓòÉΓòÉΓòÉΓòÉΓòÉΓòÉΓòÉΓòÉΓòÉΓòÉΓòÉΓòÉΓòÉΓòÉΓòÉΓòÉΓòÉΓòÉΓòÉΓòÉΓòÉΓòÉΓòÉΓòÉΓòÉΓòÉΓòÉΓòÉΓòÉΓòÉΓòÉΓòÉΓòÉΓòÉΓòÉΓòÉΓòÉΓòÉΓòÉΓòÉΓòÉΓòÉΓòÉΓòÉΓòÉΓòÉΓòÉ
  GRIDFORGE ΓÇô Comprehensive Full-System E2E Test
  Room: COMP515166  |  Server: http://localhost:5173
  Roles: NESO_Op, GenCo, PowerSupply, TraderJoe, BatteryOp, FlexLoad
ΓòÉΓòÉΓòÉΓòÉΓòÉΓòÉΓòÉΓòÉΓòÉΓòÉΓòÉΓòÉΓòÉΓòÉΓòÉΓòÉΓòÉΓòÉΓòÉΓòÉΓòÉΓòÉΓòÉΓòÉΓòÉΓòÉΓòÉΓòÉΓòÉΓòÉΓòÉΓòÉΓòÉΓòÉΓòÉΓòÉΓòÉΓòÉΓòÉΓòÉΓòÉΓòÉΓòÉΓòÉΓòÉΓòÉΓòÉΓòÉΓòÉΓòÉΓòÉΓòÉΓòÉΓòÉΓòÉΓòÉΓòÉΓòÉΓòÉΓòÉΓòÉΓòÉ

ΓöÇΓöÇΓöÇ Phase 0: Join All Players ΓöÇΓöÇΓöÇΓöÇΓöÇΓöÇΓöÇΓöÇΓöÇΓöÇΓöÇΓöÇΓöÇΓöÇΓöÇΓöÇΓöÇΓöÇΓöÇΓöÇΓöÇΓöÇΓöÇΓöÇΓöÇΓöÇΓöÇΓöÇΓöÇΓöÇ

[NESO_Op] Joining as System OperatorΓÇª
node : [NESO_Op] Join failed ΓÇô 
retrying (2 left): 
net::ERR_CONNECTION_REFUSED at 
http://localhost:5173
At line:1 char:1
+ node test/e2e/gridforge-comprehensive
.test.cjs > test_output.txt 2>&1
+ ~~~~~~~~~~~~~~~~~~~~~~~~~~~~~~~~~~~~~
~~~~~~~~~~~~~~~~~~~~~~~~~~~~~~~~
    + CategoryInfo          : NotSpeci 
   fied: ([NESO_Op] Join .../localhos  
  t:5173:String) [], RemoteException
    + FullyQualifiedErrorId : NativeCo 
   mmandError
 

[NESO_Op] Joining as System OperatorΓÇª
[NESO_Op] Join failed ΓÇô retrying (1 
left): net::ERR_CONNECTION_REFUSED at 
http://localhost:5173

[NESO_Op] Joining as System OperatorΓÇª
  Γ¥î Join: NESO_Op: 
net::ERR_CONNECTION_REFUSED at 
http://localhost:5173

[GenCo] Joining as GeneratorΓÇª
[GenCo] Join failed ΓÇô retrying (2 
left): net::ERR_CONNECTION_REFUSED at 
http://localhost:5173

[GenCo] Joining as GeneratorΓÇª
[GenCo] Join failed ΓÇô retrying (1 
left): net::ERR_CONNECTION_REFUSED at 
http://localhost:5173

[GenCo] Joining as GeneratorΓÇª

[PowerSupply] Joining as SupplierΓÇª
  Γ¥î Join: GenCo: 
net::ERR_CONNECTION_REFUSED at 
http://localhost:5173
[PowerSupply] Join failed ΓÇô retrying 
(2 left): net::ERR_CONNECTION_REFUSED 
at http://localhost:5173

[PowerSupply] Joining as SupplierΓÇª

[PowerSupply] Joining as SupplierΓÇª
[PowerSupply] Join failed ΓÇô retrying 
(1 left): net::ERR_CONNECTION_REFUSED 
at http://localhost:5173
  Γ¥î Join: PowerSupply: 
net::ERR_CONNECTION_REFUSED at 
http://localhost:5173

[TraderJoe] Joining as TraderΓÇª
[TraderJoe] Join failed ΓÇô retrying 
(2 left): net::ERR_CONNECTION_REFUSED 
at http://localhost:5173

[TraderJoe] Joining as TraderΓÇª

[TraderJoe] Joining as TraderΓÇª
[TraderJoe] Join failed ΓÇô retrying 
(1 left): net::ERR_CONNECTION_REFUSED 
at http://localhost:5173
  Γ¥î Join: TraderJoe: 
net::ERR_CONNECTION_REFUSED at 
http://localhost:5173

[BatteryOp] Joining as Battery StorageΓÇª
[BatteryOp] Join failed ΓÇô retrying 
(2 left): net::ERR_CONNECTION_REFUSED 
at http://localhost:5173

[BatteryOp] Joining as Battery StorageΓÇª
[BatteryOp] Join failed ΓÇô retrying 
(1 left): net::ERR_CONNECTION_REFUSED 
at http://localhost:5173

[BatteryOp] Joining as Battery StorageΓÇª
  Γ¥î Join: BatteryOp: 
net::ERR_CONNECTION_REFUSED at 
http://localhost:5173

[FlexLoad] Joining as Demand ControllerΓÇª
[FlexLoad] Join failed ΓÇô retrying (2 
left): net::ERR_CONNECTION_REFUSED at 
http://localhost:5173

[FlexLoad] Joining as Demand ControllerΓÇª

[FlexLoad] Joining as Demand ControllerΓÇª
[FlexLoad] Join failed ΓÇô retrying (1 
left): net::ERR_CONNECTION_REFUSED at 
http://localhost:5173
  Γ¥î Join: FlexLoad: 
net::ERR_CONNECTION_REFUSED at 
http://localhost:5173

ΓöÇΓöÇΓöÇ Pausing Game to Control Phase Timing ΓöÇΓöÇΓöÇΓöÇΓöÇΓöÇΓöÇΓöÇΓöÇΓöÇΓöÇΓöÇΓöÇΓöÇΓöÇΓöÇΓöÇΓöÇΓöÇ

ΓöÇΓöÇΓöÇ Initial State Verification ΓöÇΓöÇΓöÇΓöÇΓöÇΓöÇΓöÇΓöÇΓöÇΓöÇΓöÇΓöÇΓöÇΓöÇΓöÇΓöÇΓöÇΓöÇΓöÇΓöÇΓöÇΓöÇΓöÇΓöÇΓöÇΓöÇΓöÇΓöÇ
  Γ¥î SP indicator present: SPs: ,,,,,
  ΓÜá∩╕Å  SP sync at start: SPs: ,,,,,

ΓöÇΓöÇΓöÇ State Object Discovery ΓöÇΓöÇΓöÇΓöÇΓöÇΓöÇΓöÇΓöÇΓöÇΓöÇΓöÇΓöÇΓöÇΓöÇΓöÇΓöÇΓöÇΓöÇΓöÇΓöÇΓöÇΓöÇΓöÇΓöÇΓöÇΓöÇΓöÇΓöÇΓöÇΓöÇΓöÇΓöÇ

[STATE DISCOVERY]
  window.gunState type: undefined
  window.gameState type: undefined
  window.appState type: undefined
  Objects with 'phase' property: none
  Game/state variables: none
  GunDB info: {}

ΓöÇΓöÇΓöÇ NESO Publishes Forecast ΓöÇΓöÇΓöÇΓöÇΓöÇΓöÇΓöÇΓöÇΓöÇΓöÇΓöÇΓöÇΓöÇΓöÇΓöÇΓöÇΓöÇΓöÇΓöÇΓöÇΓöÇΓöÇΓöÇΓöÇΓöÇΓöÇΓöÇΓöÇΓöÇΓöÇΓöÇ
